// Jest Snapshot v1, https://goo.gl/fbAQLP

exports[`Profile render single 1`] = `<div />`;
